API Key present: true
API Key prefix: AIza...
Testing generation with gemini-2.0-flash-exp (requested)... but code uses 1.5-flash now due to previous errors.
node : GenkitError: 
UNKNOWN: Error 
fetching from https:/
/generativelanguage.g
oogleapis.com/v1beta/
models/gemini-1.5-fla
sh:generateContent: 
[404 Not Found] model
s/gemini-1.5-flash 
is not found for API 
version v1beta, or 
is not supported for 
generateContent. 
Call ListModels to 
see the list of 
available models and 
their supported 
methods.
At line:1 char:1
+ node 
test-genkit.js > 
test_output.txt 2>&1
+ ~~~~~~~~~~~~~~~~~~~
~~~~~~~~~~~~~~~~~~~~~
~~
    + CategoryInfo   
           : NotSpe  
  cified: (GenkitE   
 rror: UN...porte    
d methods.:Strin    
g) [], RemoteExc    
eption
    + FullyQualified 
   ErrorId : Native  
  CommandError
 
    at makeRequest (E
:\firebasekerala\node
_modules\@genkit-ai\g
oogle-genai\lib\googl
eai\client.js:229:13)
    at process.proces
sTicksAndRejections (
node:internal/process
/task_queues:103:5)
    at async 
generateContent (E:\f
irebasekerala\node_mo
dules\@genkit-ai\goog
le-genai\lib\googleai
\client.js:62:20)
    at async 
callGemini (E:\fireba
sekerala\node_modules
\@genkit-ai\google-ge
nai\lib\googleai\gemi
ni.js:517:22)
    at async E:\fireb
asekerala\node_module
s\@genkit-ai\google-g
enai\lib\googleai\gem
ini.js:570:11
    at async E:\fireb
asekerala\node_module
s\@genkit-ai\core\lib
\action.js:142:27
    at async E:\fireb
asekerala\node_module
s\@genkit-ai\core\lib
\tracing\instrumentat
ion.js:75:24
    at async 
runInNewSpan (E:\fire
basekerala\node_modul
es\@genkit-ai\core\li
b\tracing\instrumenta
tion.js:60:10)
    at async 
actionFn.run (E:\fire
basekerala\node_modul
es\@genkit-ai\core\li
b\action.js:101:18)
    at async 
dispatch (E:\firebase
kerala\node_modules\@
genkit-ai\core\lib\ac
tion.js:52:24) {
  source: undefined,
  status: 'UNKNOWN',
  detail: undefined,
  code: 500,
  originalMessage: 
'Error fetching from 
https://generativelan
guage.googleapis.com/
v1beta/models/gemini-
1.5-flash:generateCon
tent: [404 Not 
Found] models/gemini-
1.5-flash is not 
found for API 
version v1beta, or 
is not supported for 
generateContent. 
Call ListModels to 
see the list of 
available models and 
their supported 
methods.'
}
--- ERROR DETAILS ---
Message: UNKNOWN: Error fetching from https://generativelanguage.googleapis.com/v1beta/models/gemini-1.5-flash:generateContent: [404 Not Found] models/gemini-1.5-flash is not found for API version v1beta, or is not supported for generateContent. Call ListModels to see the list of available models and their supported methods.
Status: UNKNOWN
Original Message: Error fetching from https://generativelanguage.googleapis.com/v1beta/models/gemini-1.5-flash:generateContent: [404 Not Found] models/gemini-1.5-flash is not found for API version v1beta, or is not supported for generateContent. Call ListModels to see the list of available models and their supported methods.
---------------------
